[0.009s] Invoking command in '/home/hadyfarahat/ros-plugins/exp_ws/configured-fr-ws/src/fairino_hardware_v3_9_5/build/fairino_hardware_v3_9_5': CMAKE_PREFIX_PATH=/opt/ros/humble /usr/bin/cmake /home/hadyfarahat/ros-plugins/exp_ws/configured-fr-ws/src/fairino_hardware_v3_9_5 -DCMAKE_INSTALL_PREFIX=/home/hadyfarahat/ros-plugins/exp_ws/configured-fr-ws/src/fairino_hardware_v3_9_5/install/fairino_hardware_v3_9_5
[0.061s] -- The C compiler identification is GNU 11.4.0
[0.111s] -- The CXX compiler identification is GNU 11.4.0
[0.117s] -- Detecting C compiler ABI info
[0.184s] -- Detecting C compiler ABI info - done
[0.190s] -- Check for working C compiler: /usr/bin/cc - skipped
[0.190s] -- Detecting C compile features
[0.190s] -- Detecting C compile features - done
[0.192s] -- Detecting CXX compiler ABI info
[0.269s] -- Detecting CXX compiler ABI info - done
[0.274s] -- Check for working CXX compiler: /usr/bin/c++ - skipped
[0.274s] -- Detecting CXX compile features
[0.275s] -- Detecting CXX compile features - done
[0.277s] -- Found ament_cmake: 1.3.14 (/opt/ros/humble/share/ament_cmake/cmake)
[0.405s] -- Found Python3: /usr/bin/python3 (found version "3.10.12") found components: Interpreter 
[0.487s] -- Found rclcpp: 16.0.19 (/opt/ros/humble/share/rclcpp/cmake)
[0.524s] -- Found rosidl_generator_c: 3.1.8 (/opt/ros/humble/share/rosidl_generator_c/cmake)
[0.528s] -- Found rosidl_adapter: 3.1.8 (/opt/ros/humble/share/rosidl_adapter/cmake)
[0.536s] -- Found rosidl_generator_cpp: 3.1.8 (/opt/ros/humble/share/rosidl_generator_cpp/cmake)
[0.545s] -- Using all available rosidl_typesupport_c: rosidl_typesupport_fastrtps_c;rosidl_typesupport_introspection_c
[0.559s] -- Using all available rosidl_typesupport_cpp: rosidl_typesupport_fastrtps_cpp;rosidl_typesupport_introspection_cpp
[0.594s] -- Found rmw_implementation_cmake: 6.1.2 (/opt/ros/humble/share/rmw_implementation_cmake/cmake)
[0.596s] -- Found rmw_fastrtps_cpp: 6.2.10 (/opt/ros/humble/share/rmw_fastrtps_cpp/cmake)
[0.685s] -- Found OpenSSL: /usr/lib/x86_64-linux-gnu/libcrypto.so (found version "3.0.2")  
[0.712s] -- Found FastRTPS: /opt/ros/humble/include  
[0.756s] -- Using RMW implementation 'rmw_fastrtps_cpp' as default
[0.765s] -- Looking for pthread.h
[0.838s] -- Looking for pthread.h - found
[0.838s] -- Performing Test CMAKE_HAVE_LIBC_PTHREAD
[0.911s] -- Performing Test CMAKE_HAVE_LIBC_PTHREAD - Success
[0.912s] -- Found Threads: TRUE  
[0.955s] -- Found hardware_interface: 2.53.1 (/opt/ros/humble/share/hardware_interface/cmake)
[1.092s] [31mCMake Error at CMakeLists.txt:19 (find_package):
[1.093s]   By not providing "Findfairino_msgs.cmake" in CMAKE_MODULE_PATH this project
[1.093s]   has asked CMake to find a package configuration file provided by
[1.093s]   "fairino_msgs", but CMake did not find one.
[1.093s] 
[1.093s]   Could not find a package configuration file provided by "fairino_msgs" with
[1.093s]   any of the following names:
[1.093s] 
[1.093s]     fairino_msgsConfig.cmake
[1.093s]     fairino_msgs-config.cmake
[1.093s] 
[1.093s]   Add the installation prefix of "fairino_msgs" to CMAKE_PREFIX_PATH or set
[1.093s]   "fairino_msgs_DIR" to a directory containing one of the above files.  If
[1.093s]   "fairino_msgs" provides a separate development package or SDK, be sure it
[1.093s]   has been installed.
[1.093s] 
[1.093s] [0m
[1.093s] -- Configuring incomplete, errors occurred!
[1.093s] See also "/home/hadyfarahat/ros-plugins/exp_ws/configured-fr-ws/src/fairino_hardware_v3_9_5/build/fairino_hardware_v3_9_5/CMakeFiles/CMakeOutput.log".
[1.102s] Invoked command in '/home/hadyfarahat/ros-plugins/exp_ws/configured-fr-ws/src/fairino_hardware_v3_9_5/build/fairino_hardware_v3_9_5' returned '1': CMAKE_PREFIX_PATH=/opt/ros/humble /usr/bin/cmake /home/hadyfarahat/ros-plugins/exp_ws/configured-fr-ws/src/fairino_hardware_v3_9_5 -DCMAKE_INSTALL_PREFIX=/home/hadyfarahat/ros-plugins/exp_ws/configured-fr-ws/src/fairino_hardware_v3_9_5/install/fairino_hardware_v3_9_5
